 
 ###############################################################
 ###############################################################
 ###############################################################
 ### CCP4 7.0: SC                       version 7.0 :         ##
 ###############################################################
 User: dmolodenskiy  Run date: 24/ 9/2024 Run time: 15:10:52 


 Please reference: Collaborative Computational Project, Number 4. 2011.
 "Overview of the CCP4 suite and current developments". Acta Cryst. D67, 235-242.
 as well as any specific reference in the program write-up.


FORMATTED      OLD     file opened on unit   7
Logical name: SCRADII, Filename: /software/lib64/data/sc_radii.lib


  Logical name: XYZIN  File name: ranked_0_clean.pdb
  PDB file is being opened on unit 1 for INPUT.


  $WARNING: NO CRYST CARDS READ$

  $WARNING: NO SCALE CARDS READ$
<B><FONT COLOR="#FF0000"><!--SUMMARY_BEGIN-->
<html> <!-- CCP4 HTML LOGFILE -->
<hr>
<!--SUMMARY_END--></FONT></B>
<B><FONT COLOR="#FF0000"><!--SUMMARY_BEGIN-->
<pre>
<!--SUMMARY_END--></FONT></B>
 Sc (Version 2.0): A program for determining Shape Complementarity

 Copyright Michael Lawrence, Biomolecular Research Institute
 343 Royal Parade Parkville Victoria Australia

 This program is designed to compute Sc between two molecules.
 It also allows the normal products to be "merged" into grasp surface
 files for display in grasp.

 ___________________________________________________________________
   
<B><FONT COLOR="#FF0000"><!--SUMMARY_BEGIN-->
<!--SUMMARY_END--></FONT></B>
 Number of radii read from sc_radii file:   79

 Opening PDB input file with logical name XYZIN
 
 $TEXT:Warning: $$ comment $$ 
 WARNING:  No Space group given on PDB CRYST1 line
 $$
<B><FONT COLOR="#FF0000"><!--SUMMARY_BEGIN-->
<!--SUMMARY_END--></FONT></B>
 
 $TEXT:Warning: $$ comment $$ 
 WARNING:  NO CRYST CARDS READ FROM XYZIN
 $$
<B><FONT COLOR="#FF0000"><!--SUMMARY_BEGIN-->
<!--SUMMARY_END--></FONT></B>
 
 $TEXT:Warning: $$ comment $$ 
 WARNING:  NO SCALE CARDS READ FROM XYZIN
 $$

UNFORMATTED    SCRATCH file opened on unit   7
Logical name: SCTEMP, Filename: /tmp/root/sc_tmp.60160


UNFORMATTED    SCRATCH file opened on unit   7
Logical name: SCDOTS, Filename: /tmp/root/sc_dots.60160

<B><FONT COLOR="#FF0000"><!--SUMMARY_BEGIN-->
<!--SUMMARY_END--></FONT></B>
<B><FONT COLOR="#FF0000"><!--SUMMARY_BEGIN-->
<!--SUMMARY_END--></FONT></B>

 Number of atoms read from PDB file:      1377
   

 GRASP mode disabled - no Grasp output will be produced

 Selection commands:
 -------------------

  Molecule 1
  Number of atoms selected in chain C =    459

  Molecule 2
  Number of atoms selected in chain B =    459

 Parameter values
 ----------------
 Dot density          :    15.00 per square Angstrom
 Interface separation :     8.00 Angstroms
 Trim width           :     1.50 Angstroms
 Probe radius         :     1.70 Angstroms
 Weight factor        :     0.50 per square Angstrom

 Selected atoms:
 ---------------
  Number of atoms for first molecule       459
  Number of atoms for second molecule      459
  Total number of atoms                    918
    
 Setting up atoms for surfacing:
  Potential interface atoms                918
  Blocked atoms                              0
  Atoms in Molecule 1                      459
  Atoms in Molecule 2                      459

 Output diagnostics from Connolly subroutine MDS:
<B><FONT COLOR="#FF0000"><!--SUMMARY_BEGIN-->
<!--SUMMARY_END--></FONT></B>
  Number of surface points: 
             Convex                      65374
             Toroidal                    62478
             Concave                     27941
             Total                      155793

  Surfacing complete.

 Statistics of surface point partitioning:

  Number of dots read =                             155793
  Number of dots read for molecule 1 =               77811
  Number of dots read for molecule 2 =               77982
  Number of dots buried for molecule 1 =             43301
  Number of dots accessible for molecule 1 =         34510
  Number of dots buried for molecule 2 =             43631
  Number of dots accessible for molecule 2 =         34351
  
 Removing peripheral band:

  Number of points left for molecule 1 after trim is 21360
  Total area left after trim for this molecule is  1416.17 Angstrom^2.

  Number of points left for molecule 2 after trim is 21254
  Total area left after trim for this molecule is  1409.25 Angstrom^2.

 Note: the value of Sc may become meaningless if the buried
 area is small, and it will not be a good measure for small
 crystal contacts.

$TABLE  : Distance between surfaces D(1->2) :
$GRAPHS :Area:N:1,3::Cumul_Area:N:1,4::Percentage:N:1,5::Cumul_Percentage:N:1,6:$$
 From    To     Area   Cumulative_Area   Percentage  Cumulative_Percentage $$ $$

 0.00   0.02     0.1         0.1            0.0               0.0
 0.02   0.04     0.1         0.2            0.0               0.0
 0.04   0.06     1.1         1.3            0.1               0.1
 0.06   0.08     2.2         3.5            0.2               0.2
 0.08   0.10     4.0         7.5            0.3               0.5
 0.10   0.12     6.3        13.8            0.4               1.0
 0.12   0.14     7.5        21.3            0.5               1.5
 0.14   0.16     8.4        29.7            0.6               2.1
 0.16   0.18     7.4        37.1            0.5               2.6
 0.18   0.20     7.6        44.8            0.5               3.2
 0.20   0.22     6.4        51.1            0.4               3.6
 0.22   0.24     8.4        59.5            0.6               4.2
 0.24   0.26     7.2        66.7            0.5               4.7
 0.26   0.28     8.5        75.2            0.6               5.3
 0.28   0.30     6.9        82.1            0.5               5.8
 0.30   0.32     8.4        90.5            0.6               6.4
 0.32   0.34     8.0        98.5            0.6               7.0
 0.34   0.36     8.1       106.5            0.6               7.5
 0.36   0.38     9.1       115.6            0.6               8.2
 0.38   0.40     8.5       124.1            0.6               8.8
 0.40   0.42     9.1       133.2            0.6               9.4
 0.42   0.44     9.4       142.6            0.7              10.1
 0.44   0.46    11.3       153.9            0.8              10.9
 0.46   0.48    10.1       164.0            0.7              11.6
 0.48   0.50    10.9       175.0            0.8              12.4
 0.50   0.52    12.2       187.2            0.9              13.2
 0.52   0.54     9.0       196.1            0.6              13.8
 0.54   0.56    10.1       206.2            0.7              14.6
 0.56   0.58    10.3       216.5            0.7              15.3
 0.58   0.60    11.1       227.5            0.8              16.1
 0.60   0.62    12.5       240.0            0.9              16.9
 0.62   0.64    12.5       252.5            0.9              17.8
 0.64   0.66    15.2       267.7            1.1              18.9
 0.66   0.68    14.5       282.2            1.0              19.9
 0.68   0.70    11.4       293.6            0.8              20.7
 0.70   0.72    13.1       306.7            0.9              21.7
 0.72   0.74    13.3       320.0            0.9              22.6
 0.74   0.76    12.7       332.7            0.9              23.5
 0.76   0.78    13.2       345.9            0.9              24.4
 0.78   0.80    13.2       359.1            0.9              25.4
 0.80   0.82    15.9       375.0            1.1              26.5
 0.82   0.84    15.1       390.0            1.1              27.5
 0.84   0.86    14.1       404.1            1.0              28.5
 0.86   0.88    15.5       419.6            1.1              29.6
 0.88   0.90    16.4       436.0            1.2              30.8
 0.90   0.92    17.2       453.2            1.2              32.0
 0.92   0.94    18.2       471.5            1.3              33.3
 0.94   0.96    16.4       487.9            1.2              34.5
 0.96   0.98    15.2       503.2            1.1              35.5
 0.98   1.00    16.4       519.5            1.2              36.7
 1.00   1.02    17.0       536.5            1.2              37.9
 1.02   1.04    16.3       552.8            1.2              39.0
 1.04   1.06    17.6       570.4            1.2              40.3
 1.06   1.08    16.9       587.3            1.2              41.5
 1.08   1.10    19.2       606.4            1.4              42.8
 1.10   1.12    17.8       624.3            1.3              44.1
 1.12   1.14    16.8       641.1            1.2              45.3
 1.14   1.16    17.3       658.4            1.2              46.5
 1.16   1.18    17.7       676.1            1.3              47.7
 1.18   1.20    17.4       693.6            1.2              49.0
 1.20   1.22    17.0       710.5            1.2              50.2
 1.22   1.24    17.0       727.5            1.2              51.4
 1.24   1.26    17.6       745.1            1.2              52.6
 1.26   1.28    18.1       763.2            1.3              53.9
 1.28   1.30    15.8       779.1            1.1              55.0
 1.30   1.32    15.4       794.5            1.1              56.1
 1.32   1.34    16.4       810.9            1.2              57.3
 1.34   1.36    16.0       826.8            1.1              58.4
 1.36   1.38    16.2       843.1            1.1              59.5
 1.38   1.40    14.9       858.0            1.1              60.6
 1.40   1.42    14.4       872.4            1.0              61.6
 1.42   1.44    14.7       887.1            1.0              62.6
 1.44   1.46    14.9       901.9            1.0              63.7
 1.46   1.48    14.1       916.0            1.0              64.7
 1.48   1.50    14.5       930.5            1.0              65.7
 1.50   1.52    16.6       947.0            1.2              66.9
 1.52   1.54    14.8       961.8            1.0              67.9
 1.54   1.56    14.1       975.9            1.0              68.9
 1.56   1.58    13.8       989.7            1.0              69.9
 1.58   1.60    13.9      1003.6            1.0              70.9
 1.60   1.62    14.3      1017.9            1.0              71.9
 1.62   1.64    13.2      1031.1            0.9              72.8
 1.64   1.66    12.7      1043.8            0.9              73.7
 1.66   1.68    13.2      1057.0            0.9              74.6
 1.68   1.70    12.0      1069.0            0.8              75.5
 1.70   1.72    12.0      1081.0            0.8              76.3
 1.72   1.74    12.9      1094.0            0.9              77.2
 1.74   1.76    10.9      1104.9            0.8              78.0
 1.76   1.78    12.5      1117.4            0.9              78.9
 1.78   1.80    11.4      1128.8            0.8              79.7
 1.80   1.82    10.5      1139.3            0.7              80.4
 1.82   1.84    10.6      1149.9            0.7              81.2
 1.84   1.86    10.1      1160.1            0.7              81.9
 1.86   1.88    10.3      1170.4            0.7              82.6
 1.88   1.90     9.5      1179.9            0.7              83.3
 1.90   1.92     8.7      1188.6            0.6              83.9
 1.92   1.94     9.7      1198.2            0.7              84.6
 1.94   1.96     9.7      1208.0            0.7              85.3
 1.96   1.98     9.2      1217.2            0.7              86.0
 1.98   2.00     9.2      1226.4            0.7              86.6
 2.00   2.02     7.5      1233.9            0.5              87.1
 2.02   2.04     7.8      1241.7            0.5              87.7
 2.04   2.06     7.4      1249.0            0.5              88.2
 2.06   2.08     8.8      1257.8            0.6              88.8
 2.08   2.10     8.0      1265.8            0.6              89.4
 2.10   2.12     7.0      1272.8            0.5              89.9
 2.12   2.14     7.4      1280.3            0.5              90.4
 2.14   2.16     7.3      1287.5            0.5              90.9
 2.16   2.18     7.8      1295.4            0.6              91.5
 2.18   2.20     8.2      1303.6            0.6              92.1
 2.20   2.22     5.8      1309.4            0.4              92.5
 2.22   2.24     5.4      1314.7            0.4              92.8
 2.24   2.26     5.2      1320.0            0.4              93.2
 2.26   2.28     5.2      1325.2            0.4              93.6
 2.28   2.30     6.2      1331.4            0.4              94.0
 2.30   2.32     4.4      1335.8            0.3              94.3
 2.32   2.34     6.5      1342.3            0.5              94.8
 2.34   2.36     5.3      1347.6            0.4              95.2
 2.36   2.38     5.3      1352.9            0.4              95.5
 2.38   2.40     4.2      1357.1            0.3              95.8
 2.40   2.42     3.3      1360.4            0.2              96.1
 2.42   2.44     4.4      1364.8            0.3              96.4
 2.44   2.46     3.4      1368.2            0.2              96.6
 2.46   2.48     4.9      1373.1            0.3              97.0
 2.48   2.50     3.7      1376.8            0.3              97.2
 2.50   2.52     4.0      1380.8            0.3              97.5
 2.52   2.54     3.2      1384.0            0.2              97.7
 2.54   2.56     2.9      1386.9            0.2              97.9
 2.56   2.58     3.1      1390.0            0.2              98.2
 2.58   2.60     3.3      1393.3            0.2              98.4
 2.60   2.62     2.3      1395.6            0.2              98.5
 2.62   2.64     2.3      1397.9            0.2              98.7
 2.64   2.66     2.3      1400.2            0.2              98.9
 2.66   2.68     1.8      1402.0            0.1              99.0
 2.68   2.70     1.3      1403.3            0.1              99.1
 2.70   2.72     1.8      1405.1            0.1              99.2
 2.72   2.74     1.3      1406.4            0.1              99.3
 2.74   2.76     0.5      1407.0            0.0              99.3
 2.76   2.78     0.7      1407.7            0.1              99.4
 2.78   2.80     1.1      1408.8            0.1              99.5
 2.80   2.82     1.1      1409.9            0.1              99.6
 2.82   2.84     0.7      1410.6            0.1              99.6
 2.84   2.86     0.7      1411.3            0.0              99.7
 2.86   2.88     0.5      1411.7            0.0              99.7
 2.88   2.90     0.5      1412.3            0.0              99.7
 2.90   2.92     0.7      1412.9            0.0              99.8
 2.92   2.94     0.3      1413.3            0.0              99.8
 2.94   2.96     0.7      1413.9            0.0              99.8
 2.96   2.98     0.6      1414.5            0.0              99.9
 2.98   3.00     0.4      1414.9            0.0              99.9
 3.00   3.02     0.4      1415.3            0.0              99.9
 3.02   3.04     0.2      1415.5            0.0             100.0
 3.04   3.06     0.3      1415.8            0.0             100.0
 3.06   3.08     0.3      1416.1            0.0             100.0
 3.08   3.10     0.0      1416.1            0.0             100.0
 3.10   3.12     0.1      1416.2            0.0             100.0
$$

 Mean separation:   surface 1 to surface 2 =  1.256 Angstroms
 Median separation: surface 1 to surface 2 =  1.217 Angstroms


$TABLE : Surface complementarity S(1->2) :
$GRAPHS :S(1->2):N:1,3: :Percentage:N:1,4: $$
  From      To     Number     Percentage     $$ $$

  1.00     0.98       4          0.0
  0.98     0.96       8          0.0
  0.96     0.94       6          0.0
  0.94     0.92      14          0.1
  0.92     0.90      18          0.1
  0.90     0.88      32          0.1
  0.88     0.86      17          0.1
  0.86     0.84      13          0.1
  0.84     0.82      24          0.1
  0.82     0.80      16          0.1
  0.80     0.78      18          0.1
  0.78     0.76      18          0.1
  0.76     0.74      16          0.1
  0.74     0.72      32          0.1
  0.72     0.70      34          0.2
  0.70     0.68      36          0.2
  0.68     0.66      45          0.2
  0.66     0.64      51          0.2
  0.64     0.62      42          0.2
  0.62     0.60      56          0.3
  0.60     0.58      62          0.3
  0.58     0.56      58          0.3
  0.56     0.54      75          0.4
  0.54     0.52      76          0.4
  0.52     0.50      89          0.4
  0.50     0.48      71          0.3
  0.48     0.46      99          0.5
  0.46     0.44      98          0.5
  0.44     0.42     123          0.6
  0.42     0.40     103          0.5
  0.40     0.38     116          0.5
  0.38     0.36     124          0.6
  0.36     0.34     126          0.6
  0.34     0.32     118          0.6
  0.32     0.30     154          0.7
  0.30     0.28     190          0.9
  0.28     0.26     204          1.0
  0.26     0.24     224          1.0
  0.24     0.22     224          1.0
  0.22     0.20     233          1.1
  0.20     0.18     252          1.2
  0.18     0.16     270          1.3
  0.16     0.14     311          1.5
  0.14     0.12     342          1.6
  0.12     0.10     388          1.8
  0.10     0.08     465          2.2
  0.08     0.06     484          2.3
  0.06     0.04     711          3.3
  0.04     0.02     771          3.6
  0.02    -0.00     656          3.1
 -0.00    -0.02     586          2.7
 -0.02    -0.04     555          2.6
 -0.04    -0.06     572          2.7
 -0.06    -0.08     516          2.4
 -0.08    -0.10     465          2.2
 -0.10    -0.12     439          2.1
 -0.12    -0.14     497          2.3
 -0.14    -0.16     455          2.1
 -0.16    -0.18     401          1.9
 -0.18    -0.20     424          2.0
 -0.20    -0.22     419          2.0
 -0.22    -0.24     426          2.0
 -0.24    -0.26     386          1.8
 -0.26    -0.28     311          1.5
 -0.28    -0.30     365          1.7
 -0.30    -0.32     307          1.4
 -0.32    -0.34     316          1.5
 -0.34    -0.36     346          1.6
 -0.36    -0.38     285          1.3
 -0.38    -0.40     283          1.3
 -0.40    -0.42     287          1.3
 -0.42    -0.44     296          1.4
 -0.44    -0.46     307          1.4
 -0.46    -0.48     297          1.4
 -0.48    -0.50     313          1.5
 -0.50    -0.52     281          1.3
 -0.52    -0.54     275          1.3
 -0.54    -0.56     243          1.1
 -0.56    -0.58     273          1.3
 -0.58    -0.60     276          1.3
 -0.60    -0.62     261          1.2
 -0.62    -0.64     257          1.2
 -0.64    -0.66     204          1.0
 -0.66    -0.68     226          1.1
 -0.68    -0.70     174          0.8
 -0.70    -0.72     164          0.8
 -0.72    -0.74     139          0.7
 -0.74    -0.76     140          0.7
 -0.76    -0.78     133          0.6
 -0.78    -0.80     126          0.6
 -0.80    -0.82     135          0.6
 -0.82    -0.84      98          0.5
 -0.84    -0.86     100          0.5
 -0.86    -0.88      92          0.4
 -0.88    -0.90      50          0.2
 -0.90    -0.92      55          0.3
 -0.92    -0.94      36          0.2
 -0.94    -0.96      28          0.1
 -0.96    -0.98      22          0.1
 -0.98    -1.00       1          0.0
$$

 Mean normal product:    surface 1 to surface 2 = -0.142
 Median normal product:  surface 1 to surface 2 = -0.112

$TABLE  : Distance between surfaces D(2->1) :
$GRAPHS :Area:N:1,3::Cumul_Area:N:1,4::Percentage:N:1,5::Cumul_Percentage:N:1,6:$$
 From    To     Area   Cumulative_Area   Percentage  Cumulative_Percentage $$ $$

 0.00   0.02     0.3         0.3            0.0               0.0
 0.02   0.04     0.4         0.7            0.0               0.0
 0.04   0.06     1.5         2.1            0.1               0.2
 0.06   0.08     2.6         4.7            0.2               0.3
 0.08   0.10     3.9         8.6            0.3               0.6
 0.10   0.12     6.8        15.4            0.5               1.1
 0.12   0.14     8.4        23.8            0.6               1.7
 0.14   0.16     8.6        32.4            0.6               2.3
 0.16   0.18     8.4        40.8            0.6               2.9
 0.18   0.20     8.4        49.3            0.6               3.5
 0.20   0.22     7.7        57.0            0.5               4.0
 0.22   0.24     6.8        63.8            0.5               4.5
 0.24   0.26     8.0        71.7            0.6               5.1
 0.26   0.28     7.1        78.8            0.5               5.6
 0.28   0.30     6.3        85.1            0.4               6.0
 0.30   0.32     6.8        91.9            0.5               6.5
 0.32   0.34     7.4        99.3            0.5               7.0
 0.34   0.36     8.5       107.8            0.6               7.7
 0.36   0.38     7.3       115.1            0.5               8.2
 0.38   0.40     8.5       123.6            0.6               8.8
 0.40   0.42     8.9       132.5            0.6               9.4
 0.42   0.44    10.5       143.0            0.7              10.1
 0.44   0.46     8.8       151.8            0.6              10.8
 0.46   0.48     8.9       160.7            0.6              11.4
 0.48   0.50     9.0       169.6            0.6              12.0
 0.50   0.52    10.3       179.9            0.7              12.8
 0.52   0.54     9.9       189.8            0.7              13.5
 0.54   0.56    10.1       199.9            0.7              14.2
 0.56   0.58     9.1       209.0            0.6              14.8
 0.58   0.60     9.9       218.9            0.7              15.5
 0.60   0.62    11.3       230.1            0.8              16.3
 0.62   0.64    12.3       242.5            0.9              17.2
 0.64   0.66    12.2       254.7            0.9              18.1
 0.66   0.68    11.8       266.5            0.8              18.9
 0.68   0.70    10.9       277.4            0.8              19.7
 0.70   0.72    11.9       289.2            0.8              20.5
 0.72   0.74    12.8       302.0            0.9              21.4
 0.74   0.76    14.1       316.1            1.0              22.4
 0.76   0.78    14.9       331.1            1.1              23.5
 0.78   0.80    12.9       344.0            0.9              24.4
 0.80   0.82    14.7       358.6            1.0              25.4
 0.82   0.84    16.8       375.4            1.2              26.6
 0.84   0.86    15.4       390.8            1.1              27.7
 0.86   0.88    14.9       405.7            1.1              28.8
 0.88   0.90    15.6       421.2            1.1              29.9
 0.90   0.92    17.2       438.4            1.2              31.1
 0.92   0.94    18.5       456.9            1.3              32.4
 0.94   0.96    17.8       474.7            1.3              33.7
 0.96   0.98    16.6       491.3            1.2              34.9
 0.98   1.00    18.7       510.0            1.3              36.2
 1.00   1.02    16.0       526.1            1.1              37.3
 1.02   1.04    18.0       544.0            1.3              38.6
 1.04   1.06    18.7       562.7            1.3              39.9
 1.06   1.08    16.0       578.8            1.1              41.1
 1.08   1.10    17.2       596.0            1.2              42.3
 1.10   1.12    18.0       614.0            1.3              43.6
 1.12   1.14    15.6       629.6            1.1              44.7
 1.14   1.16    17.2       646.7            1.2              45.9
 1.16   1.18    18.0       664.8            1.3              47.2
 1.18   1.20    16.8       681.6            1.2              48.4
 1.20   1.22    16.6       698.2            1.2              49.5
 1.22   1.24    15.6       713.8            1.1              50.7
 1.24   1.26    17.3       731.1            1.2              51.9
 1.26   1.28    16.5       747.7            1.2              53.1
 1.28   1.30    14.2       761.8            1.0              54.1
 1.30   1.32    15.5       777.4            1.1              55.2
 1.32   1.34    14.4       791.8            1.0              56.2
 1.34   1.36    13.7       805.5            1.0              57.2
 1.36   1.38    14.1       819.5            1.0              58.2
 1.38   1.40    16.8       836.4            1.2              59.3
 1.40   1.42    14.7       851.1            1.0              60.4
 1.42   1.44    14.7       865.7            1.0              61.4
 1.44   1.46    15.1       880.8            1.1              62.5
 1.46   1.48    14.3       895.1            1.0              63.5
 1.48   1.50    16.8       911.9            1.2              64.7
 1.50   1.52    14.4       926.3            1.0              65.7
 1.52   1.54    13.0       939.3            0.9              66.7
 1.54   1.56    13.9       953.1            1.0              67.6
 1.56   1.58    14.0       967.1            1.0              68.6
 1.58   1.60    12.0       979.1            0.9              69.5
 1.60   1.62    13.5       992.7            1.0              70.4
 1.62   1.64    13.1      1005.7            0.9              71.4
 1.64   1.66    12.9      1018.6            0.9              72.3
 1.66   1.68    13.8      1032.4            1.0              73.3
 1.68   1.70    11.5      1043.9            0.8              74.1
 1.70   1.72    13.2      1057.1            0.9              75.0
 1.72   1.74    13.2      1070.3            0.9              75.9
 1.74   1.76    12.5      1082.8            0.9              76.8
 1.76   1.78    11.3      1094.1            0.8              77.6
 1.78   1.80    10.7      1104.8            0.8              78.4
 1.80   1.82    10.5      1115.4            0.7              79.1
 1.82   1.84    10.9      1126.3            0.8              79.9
 1.84   1.86     9.2      1135.5            0.6              80.6
 1.86   1.88    10.3      1145.8            0.7              81.3
 1.88   1.90    10.8      1156.6            0.8              82.1
 1.90   1.92    10.5      1167.1            0.7              82.8
 1.92   1.94     9.7      1176.9            0.7              83.5
 1.94   1.96     9.7      1186.6            0.7              84.2
 1.96   1.98     8.8      1195.3            0.6              84.8
 1.98   2.00     8.6      1204.0            0.6              85.4
 2.00   2.02     9.3      1213.3            0.7              86.1
 2.02   2.04     7.6      1220.9            0.5              86.6
 2.04   2.06     7.2      1228.0            0.5              87.1
 2.06   2.08     8.1      1236.1            0.6              87.7
 2.08   2.10     7.5      1243.6            0.5              88.2
 2.10   2.12     8.2      1251.8            0.6              88.8
 2.12   2.14     6.9      1258.7            0.5              89.3
 2.14   2.16     6.9      1265.6            0.5              89.8
 2.16   2.18     5.3      1270.9            0.4              90.2
 2.18   2.20     6.5      1277.4            0.5              90.6
 2.20   2.22     5.5      1282.9            0.4              91.0
 2.22   2.24     6.3      1289.2            0.4              91.5
 2.24   2.26     5.8      1295.1            0.4              91.9
 2.26   2.28     5.8      1300.8            0.4              92.3
 2.28   2.30     5.8      1306.7            0.4              92.7
 2.30   2.32     4.8      1311.5            0.3              93.1
 2.32   2.34     4.2      1315.6            0.3              93.4
 2.34   2.36     5.0      1320.7            0.4              93.7
 2.36   2.38     4.8      1325.5            0.3              94.1
 2.38   2.40     4.4      1329.9            0.3              94.4
 2.40   2.42     3.7      1333.7            0.3              94.6
 2.42   2.44     5.0      1338.6            0.4              95.0
 2.44   2.46     4.1      1342.7            0.3              95.3
 2.46   2.48     3.4      1346.2            0.2              95.5
 2.48   2.50     3.7      1349.9            0.3              95.8
 2.50   2.52     3.6      1353.6            0.3              96.0
 2.52   2.54     4.1      1357.7            0.3              96.3
 2.54   2.56     2.6      1360.3            0.2              96.5
 2.56   2.58     3.1      1363.4            0.2              96.7
 2.58   2.60     3.1      1366.5            0.2              97.0
 2.60   2.62     2.6      1369.1            0.2              97.1
 2.62   2.64     3.1      1372.2            0.2              97.4
 2.64   2.66     2.1      1374.2            0.1              97.5
 2.66   2.68     2.6      1376.8            0.2              97.7
 2.68   2.70     2.1      1378.9            0.1              97.8
 2.70   2.72     2.6      1381.5            0.2              98.0
 2.72   2.74     1.7      1383.1            0.1              98.1
 2.74   2.76     1.7      1384.8            0.1              98.3
 2.76   2.78     2.2      1387.0            0.2              98.4
 2.78   2.80     1.4      1388.4            0.1              98.5
 2.80   2.82     1.7      1390.0            0.1              98.6
 2.82   2.84     1.0      1391.0            0.1              98.7
 2.84   2.86     1.3      1392.3            0.1              98.8
 2.86   2.88     1.0      1393.3            0.1              98.9
 2.88   2.90     1.8      1395.1            0.1              99.0
 2.90   2.92     0.8      1395.9            0.1              99.1
 2.92   2.94     1.0      1396.9            0.1              99.1
 2.94   2.96     0.7      1397.6            0.1              99.2
 2.96   2.98     0.6      1398.2            0.0              99.2
 2.98   3.00     0.9      1399.2            0.1              99.3
 3.00   3.02     1.1      1400.3            0.1              99.4
 3.02   3.04     0.8      1401.1            0.1              99.4
 3.04   3.06     0.9      1402.0            0.1              99.5
 3.06   3.08     0.9      1402.9            0.1              99.5
 3.08   3.10     0.6      1403.5            0.0              99.6
 3.10   3.12     0.6      1404.1            0.0              99.6
 3.12   3.14     0.7      1404.7            0.0              99.7
 3.14   3.16     0.8      1405.5            0.1              99.7
 3.16   3.18     0.5      1406.1            0.0              99.8
 3.18   3.20     0.5      1406.5            0.0              99.8
 3.20   3.22     0.6      1407.1            0.0              99.8
 3.22   3.24     0.5      1407.7            0.0              99.9
 3.24   3.26     0.5      1408.2            0.0              99.9
 3.26   3.28     0.3      1408.5            0.0              99.9
 3.28   3.30     0.1      1408.6            0.0             100.0
 3.30   3.32     0.1      1408.7            0.0             100.0
 3.32   3.34     0.1      1408.8            0.0             100.0
 3.34   3.36     0.1      1408.9            0.0             100.0
 3.36   3.38     0.1      1409.1            0.0             100.0
 3.38   3.40     0.1      1409.1            0.0             100.0
 3.40   3.42     0.1      1409.2            0.0             100.0
 3.42   3.44     0.1      1409.3            0.0             100.0
$$

 Mean separation:   surface 2 to surface 1 =  1.282 Angstroms
 Median separation: surface 2 to surface 1 =  1.228 Angstroms


$TABLE : Surface complementarity S(2->1) :
$GRAPHS :S(2->1):N:1,3: :Percentage:N:1,4: $$
  From      To     Number     Percentage     $$ $$

  1.00     0.98       5          0.0
  0.98     0.96       9          0.0
  0.96     0.94       6          0.0
  0.94     0.92      12          0.1
  0.92     0.90      16          0.1
  0.90     0.88      30          0.1
  0.88     0.86      17          0.1
  0.86     0.84      14          0.1
  0.84     0.82      17          0.1
  0.82     0.80      18          0.1
  0.80     0.78      16          0.1
  0.78     0.76      16          0.1
  0.76     0.74      18          0.1
  0.74     0.72      37          0.2
  0.72     0.70      31          0.1
  0.70     0.68      38          0.2
  0.68     0.66      48          0.2
  0.66     0.64      48          0.2
  0.64     0.62      54          0.3
  0.62     0.60      63          0.3
  0.60     0.58      58          0.3
  0.58     0.56      74          0.3
  0.56     0.54      67          0.3
  0.54     0.52      76          0.4
  0.52     0.50      64          0.3
  0.50     0.48      76          0.4
  0.48     0.46      95          0.4
  0.46     0.44      93          0.4
  0.44     0.42     122          0.6
  0.42     0.40     123          0.6
  0.40     0.38     119          0.6
  0.38     0.36     144          0.7
  0.36     0.34     126          0.6
  0.34     0.32     152          0.7
  0.32     0.30     168          0.8
  0.30     0.28     190          0.9
  0.28     0.26     165          0.8
  0.26     0.24     206          1.0
  0.24     0.22     206          1.0
  0.22     0.20     200          0.9
  0.20     0.18     261          1.2
  0.18     0.16     278          1.3
  0.16     0.14     301          1.4
  0.14     0.12     345          1.6
  0.12     0.10     433          2.0
  0.10     0.08     404          1.9
  0.08     0.06     458          2.2
  0.06     0.04     626          2.9
  0.04     0.02     787          3.7
  0.02    -0.00     954          4.5
 -0.00    -0.02     776          3.7
 -0.02    -0.04     746          3.5
 -0.04    -0.06     577          2.7
 -0.06    -0.08     478          2.2
 -0.08    -0.10     453          2.1
 -0.10    -0.12     473          2.2
 -0.12    -0.14     493          2.3
 -0.14    -0.16     439          2.1
 -0.16    -0.18     422          2.0
 -0.18    -0.20     404          1.9
 -0.20    -0.22     414          1.9
 -0.22    -0.24     424          2.0
 -0.24    -0.26     396          1.9
 -0.26    -0.28     429          2.0
 -0.28    -0.30     387          1.8
 -0.30    -0.32     345          1.6
 -0.32    -0.34     330          1.6
 -0.34    -0.36     305          1.4
 -0.36    -0.38     231          1.1
 -0.38    -0.40     281          1.3
 -0.40    -0.42     258          1.2
 -0.42    -0.44     251          1.2
 -0.44    -0.46     266          1.3
 -0.46    -0.48     247          1.2
 -0.48    -0.50     271          1.3
 -0.50    -0.52     241          1.1
 -0.52    -0.54     239          1.1
 -0.54    -0.56     203          1.0
 -0.56    -0.58     233          1.1
 -0.58    -0.60     185          0.9
 -0.60    -0.62     178          0.8
 -0.62    -0.64     199          0.9
 -0.64    -0.66     184          0.9
 -0.66    -0.68     173          0.8
 -0.68    -0.70     172          0.8
 -0.70    -0.72     153          0.7
 -0.72    -0.74     132          0.6
 -0.74    -0.76     125          0.6
 -0.76    -0.78     116          0.5
 -0.78    -0.80     124          0.6
 -0.80    -0.82     113          0.5
 -0.82    -0.84     108          0.5
 -0.84    -0.86      79          0.4
 -0.86    -0.88      80          0.4
 -0.88    -0.90      59          0.3
 -0.90    -0.92      50          0.2
 -0.92    -0.94      46          0.2
 -0.94    -0.96      45          0.2
 -0.96    -0.98      19          0.1
 -0.98    -1.00      18          0.1
$$

 Mean normal product:    surface 2 to surface 1 = -0.125
 Median normal product:  surface 2 to surface 1 = -0.087


 Summary of results: 
________________________________________________________
           D(A->B)      D(B->A)     D(A->B)+D(B->A)/2 
 Mean       1.256        1.282            1.269
 Median     1.217        1.228            1.223

           S(A->B)      S(B->A)     S(A->B)+S(B->A)/2
 Mean      -0.142       -0.125           -0.133
 Median    -0.112       -0.087           -0.100

 Shape complementarity statistic Sc =   -0.100
________________________________________________________

 SC:  Normal termination
Times: User:      25.9s System:    0.0s Elapsed:     0:26  
</pre>
</html>
<!--SUMMARY_END--></FONT></B>
<B><FONT COLOR="#FF0000"><!--SUMMARY_BEGIN-->
