 
 ###############################################################
 ###############################################################
 ###############################################################
 ### CCP4 7.0: SC                       version 7.0 :         ##
 ###############################################################
 User: dmolodenskiy  Run date: 24/ 9/2024 Run time: 15:06:45 


 Please reference: Collaborative Computational Project, Number 4. 2011.
 "Overview of the CCP4 suite and current developments". Acta Cryst. D67, 235-242.
 as well as any specific reference in the program write-up.


FORMATTED      OLD     file opened on unit   7
Logical name: SCRADII, Filename: /software/lib64/data/sc_radii.lib


  Logical name: XYZIN  File name: ranked_0_clean.pdb
  PDB file is being opened on unit 1 for INPUT.


  $WARNING: NO CRYST CARDS READ$

  $WARNING: NO SCALE CARDS READ$
<B><FONT COLOR="#FF0000"><!--SUMMARY_BEGIN-->
<html> <!-- CCP4 HTML LOGFILE -->
<hr>
<!--SUMMARY_END--></FONT></B>
<B><FONT COLOR="#FF0000"><!--SUMMARY_BEGIN-->
<pre>
<!--SUMMARY_END--></FONT></B>
 Sc (Version 2.0): A program for determining Shape Complementarity

 Copyright Michael Lawrence, Biomolecular Research Institute
 343 Royal Parade Parkville Victoria Australia

 This program is designed to compute Sc between two molecules.
 It also allows the normal products to be "merged" into grasp surface
 files for display in grasp.

 ___________________________________________________________________
   
<B><FONT COLOR="#FF0000"><!--SUMMARY_BEGIN-->
<!--SUMMARY_END--></FONT></B>
 Number of radii read from sc_radii file:   79

 Opening PDB input file with logical name XYZIN
 
 $TEXT:Warning: $$ comment $$ 
 WARNING:  No Space group given on PDB CRYST1 line
 $$
<B><FONT COLOR="#FF0000"><!--SUMMARY_BEGIN-->
<!--SUMMARY_END--></FONT></B>
 
 $TEXT:Warning: $$ comment $$ 
 WARNING:  NO CRYST CARDS READ FROM XYZIN
 $$
<B><FONT COLOR="#FF0000"><!--SUMMARY_BEGIN-->
<!--SUMMARY_END--></FONT></B>
 
 $TEXT:Warning: $$ comment $$ 
 WARNING:  NO SCALE CARDS READ FROM XYZIN
 $$

UNFORMATTED    SCRATCH file opened on unit   7
Logical name: SCTEMP, Filename: /tmp/root/sc_tmp.57121


UNFORMATTED    SCRATCH file opened on unit   7
Logical name: SCDOTS, Filename: /tmp/root/sc_dots.57121

<B><FONT COLOR="#FF0000"><!--SUMMARY_BEGIN-->
<!--SUMMARY_END--></FONT></B>
<B><FONT COLOR="#FF0000"><!--SUMMARY_BEGIN-->
<!--SUMMARY_END--></FONT></B>

 Number of atoms read from PDB file:       918
   

 GRASP mode disabled - no Grasp output will be produced

 Selection commands:
 -------------------

  Molecule 1
  Number of atoms selected in chain C =    459

  Molecule 2
  Number of atoms selected in chain B =    459

 Parameter values
 ----------------
 Dot density          :    15.00 per square Angstrom
 Interface separation :     8.00 Angstroms
 Trim width           :     1.50 Angstroms
 Probe radius         :     1.70 Angstroms
 Weight factor        :     0.50 per square Angstrom

 Selected atoms:
 ---------------
  Number of atoms for first molecule       459
  Number of atoms for second molecule      459
  Total number of atoms                    918
    
 Setting up atoms for surfacing:
  Potential interface atoms                821
  Blocked atoms                             97
  Atoms in Molecule 1                      459
  Atoms in Molecule 2                      459

 Output diagnostics from Connolly subroutine MDS:
<B><FONT COLOR="#FF0000"><!--SUMMARY_BEGIN-->
<!--SUMMARY_END--></FONT></B>
  Number of surface points: 
             Convex                      57743
             Toroidal                    57241
             Concave                     23691
             Total                      138675

  Surfacing complete.

 Statistics of surface point partitioning:

  Number of dots read =                             138675
  Number of dots read for molecule 1 =               72398
  Number of dots read for molecule 2 =               66277
  Number of dots buried for molecule 1 =             25140
  Number of dots accessible for molecule 1 =         47258
  Number of dots buried for molecule 2 =             27019
  Number of dots accessible for molecule 2 =         39258
  
 Removing peripheral band:

  Number of points left for molecule 1 after trim is 10976
  Total area left after trim for this molecule is   735.31 Angstrom^2.

  Number of points left for molecule 2 after trim is 12356
  Total area left after trim for this molecule is   825.02 Angstrom^2.

 Note: the value of Sc may become meaningless if the buried
 area is small, and it will not be a good measure for small
 crystal contacts.

$TABLE  : Distance between surfaces D(1->2) :
$GRAPHS :Area:N:1,3::Cumul_Area:N:1,4::Percentage:N:1,5::Cumul_Percentage:N:1,6:$$
 From    To     Area   Cumulative_Area   Percentage  Cumulative_Percentage $$ $$

 0.00   0.02     0.0         0.0            0.0               0.0
 0.02   0.04     0.5         0.5            0.1               0.1
 0.04   0.06     1.9         2.5            0.3               0.3
 0.06   0.08     3.8         6.3            0.5               0.9
 0.08   0.10     6.4        12.7            0.9               1.7
 0.10   0.12     8.9        21.6            1.2               2.9
 0.12   0.14    10.5        32.2            1.4               4.4
 0.14   0.16    12.6        44.8            1.7               6.1
 0.16   0.18    10.7        55.4            1.4               7.5
 0.18   0.20    10.0        65.4            1.4               8.9
 0.20   0.22     8.4        73.8            1.1              10.0
 0.22   0.24     8.0        81.8            1.1              11.1
 0.24   0.26     7.8        89.6            1.1              12.2
 0.26   0.28     8.1        97.7            1.1              13.3
 0.28   0.30     7.1       104.8            1.0              14.2
 0.30   0.32     8.0       112.8            1.1              15.3
 0.32   0.34     7.2       120.0            1.0              16.3
 0.34   0.36     8.4       128.4            1.1              17.5
 0.36   0.38     7.0       135.5            1.0              18.4
 0.38   0.40     7.5       143.0            1.0              19.4
 0.40   0.42     8.6       151.5            1.2              20.6
 0.42   0.44     8.4       160.0            1.1              21.8
 0.44   0.46     8.1       168.1            1.1              22.9
 0.46   0.48     6.8       174.9            0.9              23.8
 0.48   0.50     8.8       183.7            1.2              25.0
 0.50   0.52     7.3       191.0            1.0              26.0
 0.52   0.54     8.4       199.4            1.1              27.1
 0.54   0.56     9.1       208.5            1.2              28.4
 0.56   0.58     9.0       217.5            1.2              29.6
 0.58   0.60     7.0       224.6            1.0              30.5
 0.60   0.62    10.0       234.5            1.4              31.9
 0.62   0.64     8.8       243.4            1.2              33.1
 0.64   0.66     9.2       252.6            1.2              34.3
 0.66   0.68     9.4       262.0            1.3              35.6
 0.68   0.70     9.1       271.1            1.2              36.9
 0.70   0.72     9.0       280.1            1.2              38.1
 0.72   0.74    10.2       290.3            1.4              39.5
 0.74   0.76     9.0       299.3            1.2              40.7
 0.76   0.78     9.9       309.2            1.3              42.1
 0.78   0.80     9.6       318.9            1.3              43.4
 0.80   0.82    10.1       329.0            1.4              44.7
 0.82   0.84    10.0       339.0            1.4              46.1
 0.84   0.86    10.0       349.0            1.4              47.5
 0.86   0.88     9.8       358.8            1.3              48.8
 0.88   0.90     8.9       367.7            1.2              50.0
 0.90   0.92     9.1       376.8            1.2              51.2
 0.92   0.94    10.1       387.0            1.4              52.6
 0.94   0.96     8.3       395.3            1.1              53.8
 0.96   0.98     9.2       404.4            1.2              55.0
 0.98   1.00     7.9       412.3            1.1              56.1
 1.00   1.02     9.2       421.6            1.3              57.3
 1.02   1.04     8.1       429.7            1.1              58.4
 1.04   1.06     8.4       438.1            1.1              59.6
 1.06   1.08     9.4       447.4            1.3              60.9
 1.08   1.10    10.6       458.0            1.4              62.3
 1.10   1.12     7.7       465.7            1.0              63.3
 1.12   1.14     8.7       474.4            1.2              64.5
 1.14   1.16     7.8       482.2            1.1              65.6
 1.16   1.18     8.0       490.3            1.1              66.7
 1.18   1.20     8.0       498.3            1.1              67.8
 1.20   1.22     8.4       506.7            1.1              68.9
 1.22   1.24     7.6       514.3            1.0              69.9
 1.24   1.26     7.8       522.1            1.1              71.0
 1.26   1.28     7.3       529.4            1.0              72.0
 1.28   1.30     8.2       537.6            1.1              73.1
 1.30   1.32     7.5       545.1            1.0              74.1
 1.32   1.34     9.0       554.1            1.2              75.4
 1.34   1.36     6.3       560.4            0.9              76.2
 1.36   1.38     6.6       567.0            0.9              77.1
 1.38   1.40     8.0       574.9            1.1              78.2
 1.40   1.42     6.4       581.4            0.9              79.1
 1.42   1.44     5.7       587.1            0.8              79.8
 1.44   1.46     7.6       594.6            1.0              80.9
 1.46   1.48     6.6       601.3            0.9              81.8
 1.48   1.50     5.1       606.4            0.7              82.5
 1.50   1.52     6.6       612.9            0.9              83.4
 1.52   1.54     5.6       618.5            0.8              84.1
 1.54   1.56     5.6       624.2            0.8              84.9
 1.56   1.58     4.9       629.1            0.7              85.6
 1.58   1.60     4.6       633.6            0.6              86.2
 1.60   1.62     5.9       639.5            0.8              87.0
 1.62   1.64     4.8       644.3            0.7              87.6
 1.64   1.66     4.7       649.0            0.6              88.3
 1.66   1.68     5.8       654.8            0.8              89.0
 1.68   1.70     3.9       658.7            0.5              89.6
 1.70   1.72     3.6       662.3            0.5              90.1
 1.72   1.74     4.5       666.8            0.6              90.7
 1.74   1.76     4.4       671.2            0.6              91.3
 1.76   1.78     3.3       674.5            0.4              91.7
 1.78   1.80     4.0       678.4            0.5              92.3
 1.80   1.82     3.5       681.9            0.5              92.7
 1.82   1.84     3.5       685.4            0.5              93.2
 1.84   1.86     3.7       689.1            0.5              93.7
 1.86   1.88     3.0       692.1            0.4              94.1
 1.88   1.90     3.2       695.3            0.4              94.6
 1.90   1.92     2.7       698.1            0.4              94.9
 1.92   1.94     2.4       700.5            0.3              95.3
 1.94   1.96     2.6       703.1            0.4              95.6
 1.96   1.98     2.4       705.5            0.3              95.9
 1.98   2.00     1.9       707.4            0.3              96.2
 2.00   2.02     1.9       709.3            0.3              96.5
 2.02   2.04     1.7       711.0            0.2              96.7
 2.04   2.06     2.1       713.1            0.3              97.0
 2.06   2.08     2.2       715.4            0.3              97.3
 2.08   2.10     1.5       716.9            0.2              97.5
 2.10   2.12     2.0       718.9            0.3              97.8
 2.12   2.14     2.1       721.0            0.3              98.1
 2.14   2.16     1.3       722.3            0.2              98.2
 2.16   2.18     1.3       723.6            0.2              98.4
 2.18   2.20     1.3       724.9            0.2              98.6
 2.20   2.22     1.1       726.0            0.2              98.7
 2.22   2.24     1.0       727.0            0.1              98.9
 2.24   2.26     1.3       728.3            0.2              99.1
 2.26   2.28     0.6       729.0            0.1              99.1
 2.28   2.30     0.6       729.6            0.1              99.2
 2.30   2.32     0.7       730.2            0.1              99.3
 2.32   2.34     0.4       730.6            0.1              99.4
 2.34   2.36     0.6       731.2            0.1              99.4
 2.36   2.38     0.6       731.8            0.1              99.5
 2.38   2.40     0.4       732.2            0.1              99.6
 2.40   2.42     0.6       732.8            0.1              99.7
 2.42   2.44     0.5       733.4            0.1              99.7
 2.44   2.46     0.3       733.6            0.0              99.8
 2.46   2.48     0.1       733.8            0.0              99.8
 2.48   2.50     0.1       733.9            0.0              99.8
 2.50   2.52     0.3       734.2            0.0              99.9
 2.52   2.54     0.3       734.5            0.0              99.9
 2.54   2.56     0.2       734.7            0.0              99.9
 2.56   2.58     0.1       734.8            0.0              99.9
 2.58   2.60     0.1       734.9            0.0              99.9
 2.60   2.62     0.1       735.0            0.0             100.0
 2.62   2.64     0.1       735.0            0.0             100.0
 2.64   2.66     0.2       735.2            0.0             100.0
 2.66   2.68     0.0       735.2            0.0             100.0
 2.68   2.70     0.0       735.2            0.0             100.0
 2.70   2.72     0.0       735.2            0.0             100.0
 2.72   2.74     0.0       735.2            0.0             100.0
 2.74   2.76     0.0       735.2            0.0             100.0
 2.76   2.78     0.1       735.3            0.0             100.0
$$

 Mean separation:   surface 1 to surface 2 =  0.946 Angstroms
 Median separation: surface 1 to surface 2 =  0.900 Angstroms


$TABLE : Surface complementarity S(1->2) :
$GRAPHS :S(1->2):N:1,3: :Percentage:N:1,4: $$
  From      To     Number     Percentage     $$ $$

  1.00     0.98      14          0.1
  0.98     0.96      42          0.4
  0.96     0.94      49          0.4
  0.94     0.92      57          0.5
  0.92     0.90      67          0.6
  0.90     0.88      94          0.9
  0.88     0.86     101          0.9
  0.86     0.84     125          1.1
  0.84     0.82     100          0.9
  0.82     0.80      94          0.9
  0.80     0.78      99          0.9
  0.78     0.76      85          0.8
  0.76     0.74     122          1.1
  0.74     0.72      86          0.8
  0.72     0.70     111          1.0
  0.70     0.68     123          1.1
  0.68     0.66     102          0.9
  0.66     0.64      84          0.8
  0.64     0.62      87          0.8
  0.62     0.60      96          0.9
  0.60     0.58     107          1.0
  0.58     0.56     119          1.1
  0.56     0.54     122          1.1
  0.54     0.52     148          1.3
  0.52     0.50     129          1.2
  0.50     0.48     133          1.2
  0.48     0.46     142          1.3
  0.46     0.44     162          1.5
  0.44     0.42     153          1.4
  0.42     0.40     151          1.4
  0.40     0.38     156          1.4
  0.38     0.36     167          1.5
  0.36     0.34     147          1.3
  0.34     0.32     162          1.5
  0.32     0.30     191          1.7
  0.30     0.28     161          1.5
  0.28     0.26     166          1.5
  0.26     0.24     159          1.4
  0.24     0.22     183          1.7
  0.22     0.20     228          2.1
  0.20     0.18     200          1.8
  0.18     0.16     226          2.1
  0.16     0.14     212          1.9
  0.14     0.12     193          1.8
  0.12     0.10     235          2.1
  0.10     0.08     257          2.3
  0.08     0.06     231          2.1
  0.06     0.04     260          2.4
  0.04     0.02     261          2.4
  0.02    -0.00     230          2.1
 -0.00    -0.02     195          1.8
 -0.02    -0.04     191          1.7
 -0.04    -0.06     181          1.6
 -0.06    -0.08     158          1.4
 -0.08    -0.10     153          1.4
 -0.10    -0.12     160          1.5
 -0.12    -0.14     184          1.7
 -0.14    -0.16     133          1.2
 -0.16    -0.18     134          1.2
 -0.18    -0.20     117          1.1
 -0.20    -0.22     121          1.1
 -0.22    -0.24     126          1.1
 -0.24    -0.26     110          1.0
 -0.26    -0.28      92          0.8
 -0.28    -0.30      94          0.9
 -0.30    -0.32     102          0.9
 -0.32    -0.34      97          0.9
 -0.34    -0.36      93          0.8
 -0.36    -0.38      83          0.8
 -0.38    -0.40      85          0.8
 -0.40    -0.42      95          0.9
 -0.42    -0.44      67          0.6
 -0.44    -0.46      79          0.7
 -0.46    -0.48      62          0.6
 -0.48    -0.50      63          0.6
 -0.50    -0.52      69          0.6
 -0.52    -0.54      64          0.6
 -0.54    -0.56      49          0.4
 -0.56    -0.58      67          0.6
 -0.58    -0.60      64          0.6
 -0.60    -0.62      55          0.5
 -0.62    -0.64      61          0.6
 -0.64    -0.66      56          0.5
 -0.66    -0.68      70          0.6
 -0.68    -0.70      45          0.4
 -0.70    -0.72      32          0.3
 -0.72    -0.74      49          0.4
 -0.74    -0.76      39          0.4
 -0.76    -0.78      38          0.3
 -0.78    -0.80      19          0.2
 -0.80    -0.82      17          0.2
 -0.82    -0.84      32          0.3
 -0.84    -0.86      10          0.1
 -0.86    -0.88      12          0.1
 -0.88    -0.90      13          0.1
 -0.90    -0.92       4          0.0
 -0.92    -0.94       5          0.0
 -0.94    -0.96       2          0.0
$$

 Mean normal product:    surface 1 to surface 2 =  0.144
 Median normal product:  surface 1 to surface 2 =  0.137

$TABLE  : Distance between surfaces D(2->1) :
$GRAPHS :Area:N:1,3::Cumul_Area:N:1,4::Percentage:N:1,5::Cumul_Percentage:N:1,6:$$
 From    To     Area   Cumulative_Area   Percentage  Cumulative_Percentage $$ $$

 0.00   0.02     0.0         0.0            0.0               0.0
 0.02   0.04     0.5         0.5            0.1               0.1
 0.04   0.06     2.2         2.7            0.3               0.3
 0.06   0.08     4.5         7.2            0.6               0.9
 0.08   0.10     6.2        13.4            0.8               1.6
 0.10   0.12     8.9        22.4            1.1               2.7
 0.12   0.14    10.3        32.7            1.2               4.0
 0.14   0.16    12.6        45.3            1.5               5.5
 0.16   0.18    11.8        57.0            1.4               6.9
 0.18   0.20    10.2        67.2            1.2               8.1
 0.20   0.22     9.9        77.1            1.2               9.3
 0.22   0.24    10.1        87.3            1.2              10.6
 0.24   0.26     9.4        96.7            1.1              11.7
 0.26   0.28     8.4       105.1            1.0              12.7
 0.28   0.30     8.1       113.2            1.0              13.7
 0.30   0.32     7.3       120.6            0.9              14.6
 0.32   0.34     8.6       129.2            1.0              15.7
 0.34   0.36     8.1       137.3            1.0              16.6
 0.36   0.38     8.9       146.2            1.1              17.7
 0.38   0.40     8.8       155.0            1.1              18.8
 0.40   0.42     8.0       163.1            1.0              19.8
 0.42   0.44     9.1       172.2            1.1              20.9
 0.44   0.46     8.0       180.2            1.0              21.8
 0.46   0.48     8.7       188.9            1.1              22.9
 0.48   0.50     9.1       198.0            1.1              24.0
 0.50   0.52     7.9       205.9            1.0              25.0
 0.52   0.54     8.7       214.6            1.1              26.0
 0.54   0.56    10.1       224.7            1.2              27.2
 0.56   0.58     9.5       234.3            1.2              28.4
 0.58   0.60     9.3       243.6            1.1              29.5
 0.60   0.62     9.6       253.2            1.2              30.7
 0.62   0.64    10.0       263.2            1.2              31.9
 0.64   0.66     8.8       272.0            1.1              33.0
 0.66   0.68     8.7       280.7            1.1              34.0
 0.68   0.70     9.2       289.9            1.1              35.1
 0.70   0.72     9.5       299.4            1.1              36.3
 0.72   0.74    11.8       311.2            1.4              37.7
 0.74   0.76     9.7       320.9            1.2              38.9
 0.76   0.78     9.2       330.1            1.1              40.0
 0.78   0.80    10.1       340.3            1.2              41.2
 0.80   0.82    10.0       350.3            1.2              42.5
 0.82   0.84    10.8       361.0            1.3              43.8
 0.84   0.86    10.3       371.3            1.2              45.0
 0.86   0.88    10.5       381.8            1.3              46.3
 0.88   0.90     9.1       390.9            1.1              47.4
 0.90   0.92     9.8       400.8            1.2              48.6
 0.92   0.94     9.8       410.6            1.2              49.8
 0.94   0.96    10.1       420.7            1.2              51.0
 0.96   0.98    10.5       431.1            1.3              52.3
 0.98   1.00     9.4       440.6            1.1              53.4
 1.00   1.02    11.2       451.8            1.4              54.8
 1.02   1.04    10.6       462.4            1.3              56.0
 1.04   1.06    10.1       472.5            1.2              57.3
 1.06   1.08     9.7       482.2            1.2              58.4
 1.08   1.10     9.7       491.9            1.2              59.6
 1.10   1.12     9.8       501.7            1.2              60.8
 1.12   1.14     8.8       510.5            1.1              61.9
 1.14   1.16    10.4       520.9            1.3              63.1
 1.16   1.18     8.6       529.6            1.0              64.2
 1.18   1.20    10.1       539.6            1.2              65.4
 1.20   1.22    10.4       550.1            1.3              66.7
 1.22   1.24     8.6       558.7            1.0              67.7
 1.24   1.26     8.5       567.1            1.0              68.7
 1.26   1.28     9.7       576.9            1.2              69.9
 1.28   1.30     8.8       585.7            1.1              71.0
 1.30   1.32     9.5       595.2            1.1              72.1
 1.32   1.34     9.0       604.2            1.1              73.2
 1.34   1.36     8.8       613.0            1.1              74.3
 1.36   1.38     8.0       621.0            1.0              75.3
 1.38   1.40     8.3       629.4            1.0              76.3
 1.40   1.42     7.9       637.3            1.0              77.2
 1.42   1.44     7.5       644.7            0.9              78.1
 1.44   1.46     7.4       652.1            0.9              79.0
 1.46   1.48     6.7       658.8            0.8              79.9
 1.48   1.50     8.8       667.6            1.1              80.9
 1.50   1.52     7.4       675.0            0.9              81.8
 1.52   1.54     5.9       680.9            0.7              82.5
 1.54   1.56     6.5       687.5            0.8              83.3
 1.56   1.58     7.7       695.1            0.9              84.3
 1.58   1.60     6.5       701.7            0.8              85.1
 1.60   1.62     5.3       707.0            0.6              85.7
 1.62   1.64     6.1       713.1            0.7              86.4
 1.64   1.66     4.9       718.0            0.6              87.0
 1.66   1.68     5.9       723.9            0.7              87.7
 1.68   1.70     4.6       728.5            0.6              88.3
 1.70   1.72     6.0       734.5            0.7              89.0
 1.72   1.74     5.5       740.1            0.7              89.7
 1.74   1.76     5.3       745.4            0.6              90.3
 1.76   1.78     4.7       750.0            0.6              90.9
 1.78   1.80     4.7       754.7            0.6              91.5
 1.80   1.82     4.6       759.3            0.6              92.0
 1.82   1.84     3.8       763.1            0.5              92.5
 1.84   1.86     3.7       766.9            0.5              93.0
 1.86   1.88     3.5       770.3            0.4              93.4
 1.88   1.90     3.7       774.0            0.4              93.8
 1.90   1.92     3.1       777.1            0.4              94.2
 1.92   1.94     3.5       780.7            0.4              94.6
 1.94   1.96     3.6       784.3            0.4              95.1
 1.96   1.98     3.3       787.6            0.4              95.5
 1.98   2.00     3.4       791.0            0.4              95.9
 2.00   2.02     2.1       793.1            0.3              96.1
 2.02   2.04     2.3       795.4            0.3              96.4
 2.04   2.06     2.6       798.0            0.3              96.7
 2.06   2.08     1.9       799.8            0.2              96.9
 2.08   2.10     1.4       801.2            0.2              97.1
 2.10   2.12     1.7       802.9            0.2              97.3
 2.12   2.14     1.7       804.6            0.2              97.5
 2.14   2.16     1.1       805.7            0.1              97.7
 2.16   2.18     1.5       807.2            0.2              97.8
 2.18   2.20     1.5       808.7            0.2              98.0
 2.20   2.22     1.0       809.7            0.1              98.1
 2.22   2.24     1.3       811.0            0.2              98.3
 2.24   2.26     1.5       812.5            0.2              98.5
 2.26   2.28     0.9       813.5            0.1              98.6
 2.28   2.30     0.9       814.3            0.1              98.7
 2.30   2.32     1.3       815.6            0.2              98.9
 2.32   2.34     1.2       816.8            0.1              99.0
 2.34   2.36     0.7       817.5            0.1              99.1
 2.36   2.38     0.5       818.1            0.1              99.2
 2.38   2.40     0.5       818.5            0.1              99.2
 2.40   2.42     0.7       819.2            0.1              99.3
 2.42   2.44     0.6       819.8            0.1              99.4
 2.44   2.46     0.5       820.3            0.1              99.4
 2.46   2.48     0.5       820.9            0.1              99.5
 2.48   2.50     0.3       821.2            0.0              99.5
 2.50   2.52     0.3       821.5            0.0              99.6
 2.52   2.54     0.4       821.9            0.0              99.6
 2.54   2.56     0.4       822.3            0.0              99.7
 2.56   2.58     0.3       822.5            0.0              99.7
 2.58   2.60     0.3       822.8            0.0              99.7
 2.60   2.62     0.1       822.9            0.0              99.7
 2.62   2.64     0.3       823.3            0.0              99.8
 2.64   2.66     0.2       823.5            0.0              99.8
 2.66   2.68     0.1       823.6            0.0              99.8
 2.68   2.70     0.1       823.7            0.0              99.8
 2.70   2.72     0.1       823.8            0.0              99.9
 2.72   2.74     0.1       823.9            0.0              99.9
 2.74   2.76     0.1       824.0            0.0              99.9
 2.76   2.78     0.1       824.1            0.0              99.9
 2.78   2.80     0.1       824.2            0.0              99.9
 2.80   2.82     0.2       824.4            0.0              99.9
 2.82   2.84     0.1       824.5            0.0              99.9
 2.84   2.86     0.0       824.5            0.0              99.9
 2.86   2.88     0.1       824.5            0.0              99.9
 2.88   2.90     0.0       824.5            0.0              99.9
 2.90   2.92     0.1       824.7            0.0             100.0
 2.92   2.94     0.0       824.7            0.0             100.0
 2.94   2.96     0.1       824.7            0.0             100.0
 2.96   2.98     0.0       824.7            0.0             100.0
 2.98   3.00     0.0       824.7            0.0             100.0
 3.00   3.02     0.1       824.9            0.0             100.0
 3.02   3.04     0.0       824.9            0.0             100.0
 3.04   3.06     0.1       824.9            0.0             100.0
 3.06   3.08     0.0       824.9            0.0             100.0
 3.08   3.10     0.1       825.0            0.0             100.0
$$

 Mean separation:   surface 2 to surface 1 =  0.977 Angstroms
 Median separation: surface 2 to surface 1 =  0.944 Angstroms


$TABLE : Surface complementarity S(2->1) :
$GRAPHS :S(2->1):N:1,3: :Percentage:N:1,4: $$
  From      To     Number     Percentage     $$ $$

  1.00     0.98      13          0.1
  0.98     0.96      48          0.4
  0.96     0.94      57          0.5
  0.94     0.92      58          0.5
  0.92     0.90      77          0.6
  0.90     0.88      99          0.8
  0.88     0.86     109          0.9
  0.86     0.84     108          0.9
  0.84     0.82     123          1.0
  0.82     0.80     121          1.0
  0.80     0.78     123          1.0
  0.78     0.76     112          0.9
  0.76     0.74     105          0.8
  0.74     0.72      92          0.7
  0.72     0.70     102          0.8
  0.70     0.68     111          0.9
  0.68     0.66      95          0.8
  0.66     0.64     107          0.9
  0.64     0.62     139          1.1
  0.62     0.60     123          1.0
  0.60     0.58     137          1.1
  0.58     0.56     143          1.2
  0.56     0.54     123          1.0
  0.54     0.52     145          1.2
  0.52     0.50     176          1.4
  0.50     0.48     165          1.3
  0.48     0.46     173          1.4
  0.46     0.44     182          1.5
  0.44     0.42     146          1.2
  0.42     0.40     160          1.3
  0.40     0.38     153          1.2
  0.38     0.36     177          1.4
  0.36     0.34     180          1.5
  0.34     0.32     178          1.4
  0.32     0.30     162          1.3
  0.30     0.28     186          1.5
  0.28     0.26     168          1.4
  0.26     0.24     200          1.6
  0.24     0.22     187          1.5
  0.22     0.20     188          1.5
  0.20     0.18     201          1.6
  0.18     0.16     207          1.7
  0.16     0.14     240          1.9
  0.14     0.12     250          2.0
  0.12     0.10     224          1.8
  0.10     0.08     285          2.3
  0.08     0.06     264          2.1
  0.06     0.04     289          2.3
  0.04     0.02     320          2.6
  0.02    -0.00     249          2.0
 -0.00    -0.02     285          2.3
 -0.02    -0.04     266          2.2
 -0.04    -0.06     256          2.1
 -0.06    -0.08     222          1.8
 -0.08    -0.10     196          1.6
 -0.10    -0.12     215          1.7
 -0.12    -0.14     180          1.5
 -0.14    -0.16     179          1.4
 -0.16    -0.18     150          1.2
 -0.18    -0.20     158          1.3
 -0.20    -0.22     156          1.3
 -0.22    -0.24     161          1.3
 -0.24    -0.26     147          1.2
 -0.26    -0.28     132          1.1
 -0.28    -0.30     129          1.0
 -0.30    -0.32     110          0.9
 -0.32    -0.34     121          1.0
 -0.34    -0.36     109          0.9
 -0.36    -0.38     106          0.9
 -0.38    -0.40      82          0.7
 -0.40    -0.42      81          0.7
 -0.42    -0.44      82          0.7
 -0.44    -0.46      75          0.6
 -0.46    -0.48      73          0.6
 -0.48    -0.50      76          0.6
 -0.50    -0.52      59          0.5
 -0.52    -0.54      70          0.6
 -0.54    -0.56      60          0.5
 -0.56    -0.58      64          0.5
 -0.58    -0.60      56          0.5
 -0.60    -0.62      47          0.4
 -0.62    -0.64      45          0.4
 -0.64    -0.66      43          0.3
 -0.66    -0.68      39          0.3
 -0.68    -0.70      43          0.3
 -0.70    -0.72      38          0.3
 -0.72    -0.74      40          0.3
 -0.74    -0.76      39          0.3
 -0.76    -0.78      40          0.3
 -0.78    -0.80      22          0.2
 -0.80    -0.82      20          0.2
 -0.82    -0.84      15          0.1
 -0.84    -0.86      24          0.2
 -0.86    -0.88      25          0.2
 -0.88    -0.90      22          0.2
 -0.90    -0.92      11          0.1
 -0.92    -0.94       6          0.0
 -0.94    -0.96       1          0.0
$$

 Mean normal product:    surface 2 to surface 1 =  0.141
 Median normal product:  surface 2 to surface 1 =  0.117


 Summary of results: 
________________________________________________________
           D(A->B)      D(B->A)     D(A->B)+D(B->A)/2 
 Mean       0.946        0.977            0.962
 Median     0.900        0.944            0.922

           S(A->B)      S(B->A)     S(A->B)+S(B->A)/2
 Mean       0.144        0.141            0.143
 Median     0.137        0.117            0.127

 Shape complementarity statistic Sc =    0.127
________________________________________________________

 SC:  Normal termination
Times: User:      12.7s System:    0.0s Elapsed:     0:13  
</pre>
</html>
<!--SUMMARY_END--></FONT></B>
<B><FONT COLOR="#FF0000"><!--SUMMARY_BEGIN-->
